<?php return array (
  0 => 'Symfony\\Bundle\\FrameworkBundle\\Controller\\AbstractController',
  1 => 'App\\Controller\\ArticleController',
  2 => 'App\\Controller\\FileController',
  3 => 'App\\Controller\\HomeController',
  5 => 'Symfony\\Bundle\\FrameworkBundle\\Controller\\ControllerResolver',
  6 => 'Symfony\\Bundle\\FrameworkBundle\\Controller\\RedirectController',
  7 => 'Symfony\\Bundle\\FrameworkBundle\\Controller\\TemplateController',
  8 => 'Symfony\\Component\\HttpKernel\\Controller\\ArgumentResolver',
  9 => 'Symfony\\Component\\HttpKernel\\Controller\\ArgumentResolverInterface',
  10 => 'Symfony\\Component\\HttpKernel\\Controller\\ArgumentResolver\\BackedEnumValueResolver',
  11 => 'Symfony\\Component\\HttpKernel\\Controller\\ArgumentResolver\\DateTimeValueResolver',
  12 => 'Symfony\\Component\\HttpKernel\\Controller\\ArgumentResolver\\DefaultValueResolver',
  13 => 'Symfony\\Component\\HttpKernel\\Controller\\ArgumentResolver\\NotTaggedControllerValueResolver',
  14 => 'Symfony\\Component\\HttpKernel\\Controller\\ArgumentResolver\\QueryParameterValueResolver',
  15 => 'Symfony\\Component\\HttpKernel\\Controller\\ArgumentResolver\\RequestAttributeValueResolver',
  16 => 'Symfony\\Component\\HttpKernel\\Controller\\ArgumentResolver\\RequestPayloadValueResolver',
  17 => 'Symfony\\Component\\HttpKernel\\Controller\\ArgumentResolver\\RequestValueResolver',
  18 => 'Symfony\\Component\\HttpKernel\\Controller\\ArgumentResolver\\ServiceValueResolver',
  19 => 'Symfony\\Component\\HttpKernel\\Controller\\ArgumentResolver\\SessionValueResolver',
  20 => 'Symfony\\Component\\HttpKernel\\Controller\\ArgumentResolver\\TraceableValueResolver',
  21 => 'Symfony\\Component\\HttpKernel\\Controller\\ArgumentResolver\\UidValueResolver',
  22 => 'Symfony\\Component\\HttpKernel\\Controller\\ArgumentResolver\\VariadicValueResolver',
  23 => 'Symfony\\Component\\HttpKernel\\Controller\\ArgumentValueResolverInterface',
  24 => 'Symfony\\Component\\HttpKernel\\Controller\\ContainerControllerResolver',
  25 => 'Symfony\\Component\\HttpKernel\\Controller\\ControllerReference',
  26 => 'Symfony\\Component\\HttpKernel\\Controller\\ControllerResolver',
  27 => 'Symfony\\Component\\HttpKernel\\Controller\\ControllerResolverInterface',
  28 => 'Symfony\\Component\\HttpKernel\\Controller\\ErrorController',
  29 => 'Symfony\\Component\\HttpKernel\\Controller\\TraceableArgumentResolver',
  30 => 'Symfony\\Component\\HttpKernel\\Controller\\TraceableControllerResolver',
  31 => 'Symfony\\Component\\HttpKernel\\Controller\\ValueResolverInterface',
  32 => 'Symfony\\Component\\Security\\Http\\Controller\\UserValueResolver',
);